// Jest Snapshot v1, https://goo.gl/fbAQLP

exports[`asdf name 1`] = `"<div data-reactroot=\\"\\">asdf</div>"`;
